// Jest Snapshot v1, https://goo.gl/fbAQLP

exports[`Components without crashing LoginBtn 1`] = `"<div><button class=\\"actualLoginBtn\\"></button></div>"`;

exports[`Components without crashing SingleArticlesComponent 1`] = `"<div><div>Loading...</div></div>"`;

exports[`Components without crashing SingleArticlesComponentReader 1`] = `"<div><div>Loading...</div></div>"`;

exports[`Components without crashing Start login 1`] = `"<div class=\\"mainContentContainer loginContainer\\"><h1 class=\\"loginTitle\\">Login</h1><div class=\\"loginDivider\\"><div><button class=\\"actualLoginBtn\\">Login with Google</button></div><div><button class=\\"actualLoginBtn\\">Login with Microsoft</button></div></div></div>"`;

exports[`Components without crashing article component  1`] = `"<div><div>Loading...</div></div>"`;

exports[`Components without crashing article single 1`] = `"<div><div>Loading...</div></div>"`;

exports[`Components without crashing sidebar 1`] = `"<div class=\\"sidebar\\"><div></div><h1>Sidebar</h1><div class=\\"topicSearch\\"><p class=\\"menuItem marginBetween\\">Topics: </p><select class=\\"menuItem\\" name=\\"Tags\\" id=\\"\\"><option value=\\"1\\" disabled=\\"\\" selected=\\"\\">Select Topic</option><option value=\\"F1\\">F1</option><option value=\\"Elon Musk\\">Elon Musk</option><option value=\\"Technology\\">Technology</option><option value=\\"Cars\\">Cars</option></select><div><button class=\\"topicBtn\\">Search topic</button></div></div></div>"`;

exports[`Pages render without crashing Articles 1`] = `"<div class=\\"mainContentContainer\\"><div><div>Loading...</div></div></div>"`;

exports[`Pages render without crashing LoginCallback 1`] = `"<h1>Please wait...</h1>"`;

exports[`Pages render without crashing NoPage 1`] = `"<div class=\\"mainContentContainer\\"><h1>404</h1><p>This page doesn't exist :(</p></div>"`;

exports[`Pages render without crashing app 1`] = `"<div>Please wait...</div>"`;
